[ema@testlab:atelier-01] $ vagrant up ubuntu
[ema@testlab:atelier-01] $ vagrant ssh ubuntu
Welcome to Ubuntu 22.04.5 LTS (GNU/Linux 5.15.0-133-generic x86_64)

 * Documentation:  https://help.ubuntu.com
 * Management:     https://landscape.canonical.com
 * Support:        https://ubuntu.com/pro

 System information as of Mon Mar 17 02:08:36 PM UTC 2025

  System load:           1.06
  Usage of /:            15.1% of 30.34GB
  Memory usage:          24%
  Swap usage:            0%
  Processes:             174
  Users logged in:       0
  IPv4 address for eth0: 10.0.2.15
  IPv6 address for eth0: fd00::a00:27ff:febb:5920


This system is built by the Bento project by Chef Software
More information can be found at https://github.com/chef/bento

Use of this system is acceptance of the OS vendor EULA and License Agreements.
vagrant@ubuntu:~$ sudo apt update
Get:1 http://security.ubuntu.com/ubuntu jammy-security InRelease [129 kB]
Hit:2 http://us.archive.ubuntu.com/ubuntu jammy InRelease                                          
Get:3 http://us.archive.ubuntu.com/ubuntu jammy-updates InRelease [128 kB]                         
Get:4 http://us.archive.ubuntu.com/ubuntu jammy-backports InRelease [127 kB]
Get:5 http://security.ubuntu.com/ubuntu jammy-security/main amd64 Packages [2,145 kB]
Get:6 http://us.archive.ubuntu.com/ubuntu jammy-updates/main amd64 Packages [2,388 kB]
Get:7 http://security.ubuntu.com/ubuntu jammy-security/main Translation-en [333 kB]
Get:8 http://security.ubuntu.com/ubuntu jammy-security/restricted amd64 Packages [2,986 kB]
Get:9 http://us.archive.ubuntu.com/ubuntu jammy-updates/main Translation-en [396 kB]
Get:10 http://us.archive.ubuntu.com/ubuntu jammy-updates/restricted amd64 Packages [3,108 kB]     
Get:11 http://us.archive.ubuntu.com/ubuntu jammy-updates/restricted Translation-en [548 kB]    
Get:12 http://us.archive.ubuntu.com/ubuntu jammy-updates/universe amd64 Packages [1,193 kB]    
Get:13 http://us.archive.ubuntu.com/ubuntu jammy-updates/universe Translation-en [293 kB]  
Get:14 http://us.archive.ubuntu.com/ubuntu jammy-updates/multiverse amd64 Packages [53.3 kB]   
Get:15 http://us.archive.ubuntu.com/ubuntu jammy-updates/multiverse Translation-en [13.6 kB]
Get:16 http://us.archive.ubuntu.com/ubuntu jammy-backports/universe amd64 Packages [30.0 kB]    
Get:17 http://us.archive.ubuntu.com/ubuntu jammy-backports/universe Translation-en [16.6 kB]
Get:18 http://security.ubuntu.com/ubuntu jammy-security/restricted Translation-en [527 kB]      
Get:19 http://security.ubuntu.com/ubuntu jammy-security/universe amd64 Packages [966 kB]
Get:20 http://security.ubuntu.com/ubuntu jammy-security/universe Translation-en [207 kB]
Get:21 http://security.ubuntu.com/ubuntu jammy-security/multiverse amd64 Packages [46.6 kB]
Get:22 http://security.ubuntu.com/ubuntu jammy-security/multiverse Translation-en [10.7 kB]
Fetched 15.6 MB in 5s (3,373 kB/s)                                       
Reading package lists... Done
Building dependency tree... Done
Reading state information... Done
42 packages can be upgraded. Run 'apt list --upgradable' to see them.
vagrant@ubuntu:~$ >apt-cache search --names-only ansible
-bash: search: command not found
vagrant@ubuntu:~$ apt-cache search --names-only ansible
ansible - Configuration management, deployment, and task execution system
ansible-core - Configuration management, deployment, and task execution system
ansible-lint - lint tool for Ansible playbooks
ansible-mitogen - Fast connection strategy for Ansible
python-ansible-runner-doc - library that interfaces with Ansible (docs)
python-networking-ansible-doc - OpenStack virtual network service - Ansible plugin (docs)
python3-ansible-runner - library that interfaces with Ansible (Python 3.x)
python3-networking-ansible - OpenStack virtual network service - Ansible plugin (Python 3.x)
vagrant@ubuntu:~$ sudo apt install -y ansible
Reading package lists... Done
Building dependency tree... Done
Reading state information... Done
The following additional packages will be installed:
  ieee-data python3-argcomplete python3-dnspython python3-jmespath python3-kerberos python3-libcloud
  python3-lockfile python3-netaddr python3-ntlm-auth python3-pycryptodome python3-requests-kerberos
  python3-requests-ntlm python3-requests-toolbelt python3-selinux python3-simplejson python3-winrm
  python3-xmltodict
Suggested packages:
  cowsay sshpass python3-sniffio python3-trio python-lockfile-doc ipython3 python-netaddr-docs
The following NEW packages will be installed:
  ansible ieee-data python3-argcomplete python3-dnspython python3-jmespath python3-kerberos python3-libcloud
  python3-lockfile python3-netaddr python3-ntlm-auth python3-pycryptodome python3-requests-kerberos
  python3-requests-ntlm python3-requests-toolbelt python3-selinux python3-simplejson python3-winrm
  python3-xmltodict
0 upgraded, 18 newly installed, 0 to remove and 42 not upgraded.
Need to get 22.8 MB of archives.
After this operation, 243 MB of additional disk space will be used.
Get:1 http://us.archive.ubuntu.com/ubuntu jammy-updates/main amd64 python3-pycryptodome amd64 3.11.0+dfsg1-3ubuntu0.1 [1,029 kB]
Get:2 http://us.archive.ubuntu.com/ubuntu jammy/main amd64 python3-dnspython all 2.1.0-1ubuntu1 [123 kB]
Get:3 http://us.archive.ubuntu.com/ubuntu jammy/main amd64 ieee-data all 20210605.1 [1,887 kB]
Get:4 http://us.archive.ubuntu.com/ubuntu jammy/main amd64 python3-netaddr all 0.8.0-2 [309 kB]
Get:5 http://us.archive.ubuntu.com/ubuntu jammy/universe amd64 ansible all 2.10.7+merged+base+2.10.8+dfsg-1 [17.5 MB]
Get:6 http://us.archive.ubuntu.com/ubuntu jammy/universe amd64 python3-argcomplete all 1.8.1-1.5 [27.2 kB]
Get:7 http://us.archive.ubuntu.com/ubuntu jammy/main amd64 python3-jmespath all 0.10.0-1 [21.7 kB]
Get:8 http://us.archive.ubuntu.com/ubuntu jammy/universe amd64 python3-kerberos amd64 1.1.14-3.1build5 [23.0 kB]
Get:9 http://us.archive.ubuntu.com/ubuntu jammy/main amd64 python3-lockfile all 1:0.12.2-2.2 [14.6 kB]
Get:10 http://us.archive.ubuntu.com/ubuntu jammy/main amd64 python3-simplejson amd64 3.17.6-1build1 [54.7 kB]
Get:11 http://us.archive.ubuntu.com/ubuntu jammy/universe amd64 python3-libcloud all 3.2.0-2 [1,554 kB]
Get:12 http://us.archive.ubuntu.com/ubuntu jammy/universe amd64 python3-ntlm-auth all 1.4.0-1 [20.4 kB]
Get:13 http://us.archive.ubuntu.com/ubuntu jammy/universe amd64 python3-requests-kerberos all 0.12.0-2 [11.9 kB]
Get:14 http://us.archive.ubuntu.com/ubuntu jammy/universe amd64 python3-requests-ntlm all 1.1.0-1.1 [6,160 B]
Get:15 http://us.archive.ubuntu.com/ubuntu jammy/main amd64 python3-requests-toolbelt all 0.9.1-1 [38.0 kB]
Get:16 http://us.archive.ubuntu.com/ubuntu jammy/universe amd64 python3-selinux amd64 3.3-1build2 [159 kB]
Get:17 http://us.archive.ubuntu.com/ubuntu jammy/universe amd64 python3-xmltodict all 0.12.0-2 [12.6 kB]
Get:18 http://us.archive.ubuntu.com/ubuntu jammy/universe amd64 python3-winrm all 0.3.0-2 [21.7 kB]
Fetched 22.8 MB in 2s (9,693 kB/s)             
Selecting previously unselected package python3-pycryptodome.
(Reading database ... 45118 files and directories currently installed.)
Preparing to unpack .../00-python3-pycryptodome_3.11.0+dfsg1-3ubuntu0.1_amd64.deb ...
Unpacking python3-pycryptodome (3.11.0+dfsg1-3ubuntu0.1) ...
Selecting previously unselected package python3-dnspython.
Preparing to unpack .../01-python3-dnspython_2.1.0-1ubuntu1_all.deb ...
Unpacking python3-dnspython (2.1.0-1ubuntu1) ...
Selecting previously unselected package ieee-data.
Preparing to unpack .../02-ieee-data_20210605.1_all.deb ...
Unpacking ieee-data (20210605.1) ...
Selecting previously unselected package python3-netaddr.
Preparing to unpack .../03-python3-netaddr_0.8.0-2_all.deb ...
Unpacking python3-netaddr (0.8.0-2) ...
Selecting previously unselected package ansible.
Preparing to unpack .../04-ansible_2.10.7+merged+base+2.10.8+dfsg-1_all.deb ...
Unpacking ansible (2.10.7+merged+base+2.10.8+dfsg-1) ...
Selecting previously unselected package python3-argcomplete.
Preparing to unpack .../05-python3-argcomplete_1.8.1-1.5_all.deb ...
Unpacking python3-argcomplete (1.8.1-1.5) ...
Selecting previously unselected package python3-jmespath.
Preparing to unpack .../06-python3-jmespath_0.10.0-1_all.deb ...
Unpacking python3-jmespath (0.10.0-1) ...
Selecting previously unselected package python3-kerberos.
Preparing to unpack .../07-python3-kerberos_1.1.14-3.1build5_amd64.deb ...
Unpacking python3-kerberos (1.1.14-3.1build5) ...
Selecting previously unselected package python3-lockfile.
Preparing to unpack .../08-python3-lockfile_1%3a0.12.2-2.2_all.deb ...
Unpacking python3-lockfile (1:0.12.2-2.2) ...
Selecting previously unselected package python3-simplejson.
Preparing to unpack .../09-python3-simplejson_3.17.6-1build1_amd64.deb ...
Unpacking python3-simplejson (3.17.6-1build1) ...
Selecting previously unselected package python3-libcloud.
Preparing to unpack .../10-python3-libcloud_3.2.0-2_all.deb ...
Unpacking python3-libcloud (3.2.0-2) ...
Selecting previously unselected package python3-ntlm-auth.
Preparing to unpack .../11-python3-ntlm-auth_1.4.0-1_all.deb ...
Unpacking python3-ntlm-auth (1.4.0-1) ...
Selecting previously unselected package python3-requests-kerberos.
Preparing to unpack .../12-python3-requests-kerberos_0.12.0-2_all.deb ...
Unpacking python3-requests-kerberos (0.12.0-2) ...
Selecting previously unselected package python3-requests-ntlm.
Preparing to unpack .../13-python3-requests-ntlm_1.1.0-1.1_all.deb ...
Unpacking python3-requests-ntlm (1.1.0-1.1) ...
Selecting previously unselected package python3-requests-toolbelt.
Preparing to unpack .../14-python3-requests-toolbelt_0.9.1-1_all.deb ...
Unpacking python3-requests-toolbelt (0.9.1-1) ...
Selecting previously unselected package python3-selinux.
Preparing to unpack .../15-python3-selinux_3.3-1build2_amd64.deb ...
Unpacking python3-selinux (3.3-1build2) ...
Selecting previously unselected package python3-xmltodict.
Preparing to unpack .../16-python3-xmltodict_0.12.0-2_all.deb ...
Unpacking python3-xmltodict (0.12.0-2) ...
Selecting previously unselected package python3-winrm.
Preparing to unpack .../17-python3-winrm_0.3.0-2_all.deb ...
Unpacking python3-winrm (0.3.0-2) ...
Setting up python3-lockfile (1:0.12.2-2.2) ...
Setting up python3-requests-toolbelt (0.9.1-1) ...
Setting up python3-ntlm-auth (1.4.0-1) ...
Setting up python3-pycryptodome (3.11.0+dfsg1-3ubuntu0.1) ...
Setting up python3-kerberos (1.1.14-3.1build5) ...
Setting up python3-simplejson (3.17.6-1build1) ...
Setting up python3-xmltodict (0.12.0-2) ...
Setting up python3-jmespath (0.10.0-1) ...
Setting up python3-requests-kerberos (0.12.0-2) ...
Setting up ieee-data (20210605.1) ...
Setting up python3-dnspython (2.1.0-1ubuntu1) ...
Setting up python3-selinux (3.3-1build2) ...
Setting up python3-argcomplete (1.8.1-1.5) ...
Setting up python3-requests-ntlm (1.1.0-1.1) ...
Setting up python3-libcloud (3.2.0-2) ...
Setting up python3-netaddr (0.8.0-2) ...
Setting up python3-winrm (0.3.0-2) ...
Setting up ansible (2.10.7+merged+base+2.10.8+dfsg-1) ...
Processing triggers for man-db (2.10.2-1) ...
Scanning processes...                                                                                               
Scanning linux images...                                                                                            

Running kernel seems to be up-to-date.

No services need to be restarted.

No containers need to be restarted.

No user sessions are running outdated binaries.

No VM guests are running outdated hypervisor (qemu) binaries on this host.
vagrant@ubuntu:~$ linux images^C
vagrant@ubuntu:~$ dpkg -l | grep ansible
ii  ansible                                2.10.7+merged+base+2.10.8+dfsg-1        all          Configuration management, deployment, and task execution system
vagrant@ubuntu:~$ ansible --version
ansible 2.10.8
  config file = None
  configured module search path = ['/home/vagrant/.ansible/plugins/modules', '/usr/share/ansible/plugins/modules']
  ansible python module location = /usr/lib/python3/dist-packages/ansible
  executable location = /usr/bin/ansible
  python version = 3.10.12 (main, Jan 17 2025, 14:35:34) [GCC 11.4.0]
vagrant@ubuntu:~$ 
vagrant@ubuntu:~$ exit
[ema@testlab:atelier-01] $ vagrant destroy -f ubuntu

==> ubuntu: Forcing shutdown of VM...
==> ubuntu: Destroying VM and associated drives...
[ema@testlab:atelier-01] $ 
